// Jest Snapshot v1, https://goo.gl/fbAQLP

exports[`createDataClass tests test getClass 1`] = `
Array [
  "setosa",
  "setosa",
  "setosa",
  "setosa",
  "setosa",
  "setosa",
  "setosa",
  "setosa",
  "setosa",
  "setosa",
  "setosa",
  "setosa",
  "setosa",
  "setosa",
  "setosa",
  "setosa",
  "setosa",
  "setosa",
  "setosa",
  "setosa",
  "setosa",
  "setosa",
  "setosa",
  "setosa",
  "setosa",
  "setosa",
  "setosa",
  "setosa",
  "setosa",
  "setosa",
  "setosa",
  "setosa",
  "setosa",
  "setosa",
  "setosa",
  "setosa",
  "setosa",
  "setosa",
  "setosa",
  "setosa",
  "setosa",
  "setosa",
  "setosa",
  "setosa",
  "setosa",
  "setosa",
  "setosa",
  "setosa",
  "setosa",
  "setosa",
  "versicolor",
  "versicolor",
  "versicolor",
  "versicolor",
  "versicolor",
  "versicolor",
  "versicolor",
  "versicolor",
  "versicolor",
  "versicolor",
  "versicolor",
  "versicolor",
  "versicolor",
  "versicolor",
  "versicolor",
  "versicolor",
  "versicolor",
  "versicolor",
  "versicolor",
  "versicolor",
  "versicolor",
  "versicolor",
  "versicolor",
  "versicolor",
  "versicolor",
  "versicolor",
  "versicolor",
  "versicolor",
  "versicolor",
  "versicolor",
  "versicolor",
  "versicolor",
  "versicolor",
  "versicolor",
  "versicolor",
  "versicolor",
  "versicolor",
  "versicolor",
  "versicolor",
  "versicolor",
  "versicolor",
  "versicolor",
  "versicolor",
  "versicolor",
  "versicolor",
  "versicolor",
  "versicolor",
  "versicolor",
  "versicolor",
  "versicolor",
  "virginica",
  "virginica",
  "virginica",
  "virginica",
  "virginica",
  "virginica",
  "virginica",
  "virginica",
  "virginica",
  "virginica",
  "virginica",
  "virginica",
  "virginica",
  "virginica",
  "virginica",
  "virginica",
  "virginica",
  "virginica",
  "virginica",
  "virginica",
  "virginica",
  "virginica",
  "virginica",
  "virginica",
  "virginica",
  "virginica",
  "virginica",
  "virginica",
  "virginica",
  "virginica",
  "virginica",
  "virginica",
  "virginica",
  "virginica",
  "virginica",
  "virginica",
  "virginica",
  "virginica",
  "virginica",
  "virginica",
  "virginica",
  "virginica",
  "virginica",
  "virginica",
  "virginica",
  "virginica",
  "virginica",
  "virginica",
  "virginica",
  "virginica",
]
`;

exports[`test getClass 1`] = `
Array [
  "setosa",
  "setosa",
  "setosa",
  "setosa",
  "setosa",
  "setosa",
  "setosa",
  "setosa",
  "setosa",
  "setosa",
  "setosa",
  "setosa",
  "setosa",
  "setosa",
  "setosa",
  "setosa",
  "setosa",
  "setosa",
  "setosa",
  "setosa",
  "setosa",
  "setosa",
  "setosa",
  "setosa",
  "setosa",
  "setosa",
  "setosa",
  "setosa",
  "setosa",
  "setosa",
  "setosa",
  "setosa",
  "setosa",
  "setosa",
  "setosa",
  "setosa",
  "setosa",
  "setosa",
  "setosa",
  "setosa",
  "setosa",
  "setosa",
  "setosa",
  "setosa",
  "setosa",
  "setosa",
  "setosa",
  "setosa",
  "setosa",
  "setosa",
  "versicolor",
  "versicolor",
  "versicolor",
  "versicolor",
  "versicolor",
  "versicolor",
  "versicolor",
  "versicolor",
  "versicolor",
  "versicolor",
  "versicolor",
  "versicolor",
  "versicolor",
  "versicolor",
  "versicolor",
  "versicolor",
  "versicolor",
  "versicolor",
  "versicolor",
  "versicolor",
  "versicolor",
  "versicolor",
  "versicolor",
  "versicolor",
  "versicolor",
  "versicolor",
  "versicolor",
  "versicolor",
  "versicolor",
  "versicolor",
  "versicolor",
  "versicolor",
  "versicolor",
  "versicolor",
  "versicolor",
  "versicolor",
  "versicolor",
  "versicolor",
  "versicolor",
  "versicolor",
  "versicolor",
  "versicolor",
  "versicolor",
  "versicolor",
  "versicolor",
  "versicolor",
  "versicolor",
  "versicolor",
  "versicolor",
  "versicolor",
  "virginica",
  "virginica",
  "virginica",
  "virginica",
  "virginica",
  "virginica",
  "virginica",
  "virginica",
  "virginica",
  "virginica",
  "virginica",
  "virginica",
  "virginica",
  "virginica",
  "virginica",
  "virginica",
  "virginica",
  "virginica",
  "virginica",
  "virginica",
  "virginica",
  "virginica",
  "virginica",
  "virginica",
  "virginica",
  "virginica",
  "virginica",
  "virginica",
  "virginica",
  "virginica",
  "virginica",
  "virginica",
  "virginica",
  "virginica",
  "virginica",
  "virginica",
  "virginica",
  "virginica",
  "virginica",
  "virginica",
  "virginica",
  "virginica",
  "virginica",
  "virginica",
  "virginica",
  "virginica",
  "virginica",
  "virginica",
  "virginica",
  "virginica",
]
`;

exports[`test permutations 1`] = `
Array [
  "setosa",
  "setosa",
  "setosa",
  "setosa",
  "setosa",
  "setosa",
  "setosa",
  "setosa",
  "setosa",
  "setosa",
  "setosa",
  "setosa",
  "setosa",
  "setosa",
  "setosa",
  "setosa",
  "setosa",
  "setosa",
  "setosa",
  "setosa",
  "setosa",
  "setosa",
  "setosa",
  "setosa",
  "setosa",
  "setosa",
  "setosa",
  "setosa",
  "setosa",
  "setosa",
  "setosa",
  "setosa",
  "setosa",
  "setosa",
  "setosa",
  "setosa",
  "setosa",
  "setosa",
  "setosa",
  "setosa",
  "setosa",
  "setosa",
  "setosa",
  "setosa",
  "setosa",
  "setosa",
  "setosa",
  "setosa",
  "setosa",
  "setosa",
  "versicolor",
  "versicolor",
  "versicolor",
  "versicolor",
  "versicolor",
  "versicolor",
  "versicolor",
  "versicolor",
  "versicolor",
  "versicolor",
  "versicolor",
  "versicolor",
  "versicolor",
  "versicolor",
  "versicolor",
  "versicolor",
  "versicolor",
  "versicolor",
  "versicolor",
  "versicolor",
  "versicolor",
  "versicolor",
  "versicolor",
  "versicolor",
  "versicolor",
  "versicolor",
  "versicolor",
  "versicolor",
  "versicolor",
  "versicolor",
  "versicolor",
  "versicolor",
  "versicolor",
  "versicolor",
  "versicolor",
  "versicolor",
  "versicolor",
  "versicolor",
  "versicolor",
  "versicolor",
  "versicolor",
  "versicolor",
  "versicolor",
  "versicolor",
  "versicolor",
  "versicolor",
  "versicolor",
  "versicolor",
  "versicolor",
  "versicolor",
  "virginica",
  "virginica",
  "virginica",
  "virginica",
  "virginica",
  "virginica",
  "virginica",
  "virginica",
  "virginica",
  "virginica",
  "virginica",
  "virginica",
  "virginica",
  "virginica",
  "virginica",
  "virginica",
  "virginica",
  "virginica",
  "virginica",
  "virginica",
  "virginica",
  "virginica",
  "virginica",
  "virginica",
  "virginica",
  "virginica",
  "virginica",
  "virginica",
  "virginica",
  "virginica",
  "virginica",
  "virginica",
  "virginica",
  "virginica",
  "virginica",
  "virginica",
  "virginica",
  "virginica",
  "virginica",
  "virginica",
  "virginica",
  "virginica",
  "virginica",
  "virginica",
  "virginica",
  "virginica",
  "virginica",
  "virginica",
  "virginica",
  "virginica",
]
`;

exports[`test permutations and class 1`] = `
Array [
  "setosa",
  "setosa",
  "setosa",
  "setosa",
  "setosa",
  "setosa",
  "setosa",
  "setosa",
  "setosa",
  "setosa",
  "setosa",
  "setosa",
  "setosa",
  "setosa",
  "setosa",
  "setosa",
  "setosa",
  "setosa",
  "setosa",
  "setosa",
  "setosa",
  "setosa",
  "setosa",
  "setosa",
  "setosa",
  "setosa",
  "setosa",
  "setosa",
  "setosa",
  "setosa",
  "setosa",
  "setosa",
  "setosa",
  "setosa",
  "setosa",
  "setosa",
  "setosa",
  "setosa",
  "setosa",
  "setosa",
  "setosa",
  "setosa",
  "setosa",
  "setosa",
  "setosa",
  "setosa",
  "setosa",
  "setosa",
  "setosa",
  "setosa",
  "versicolor",
  "versicolor",
  "versicolor",
  "versicolor",
  "versicolor",
  "versicolor",
  "versicolor",
  "versicolor",
  "versicolor",
  "versicolor",
  "versicolor",
  "versicolor",
  "versicolor",
  "versicolor",
  "versicolor",
  "versicolor",
  "versicolor",
  "versicolor",
  "versicolor",
  "versicolor",
  "versicolor",
  "versicolor",
  "versicolor",
  "versicolor",
  "versicolor",
  "versicolor",
  "versicolor",
  "versicolor",
  "versicolor",
  "versicolor",
  "versicolor",
  "versicolor",
  "versicolor",
  "versicolor",
  "versicolor",
  "versicolor",
  "versicolor",
  "versicolor",
  "versicolor",
  "versicolor",
  "versicolor",
  "versicolor",
  "versicolor",
  "versicolor",
  "versicolor",
  "versicolor",
  "versicolor",
  "versicolor",
  "versicolor",
  "versicolor",
  "virginica",
  "virginica",
  "virginica",
  "virginica",
  "virginica",
  "virginica",
  "virginica",
  "virginica",
  "virginica",
  "virginica",
  "virginica",
  "virginica",
  "virginica",
  "virginica",
  "virginica",
  "virginica",
  "virginica",
  "virginica",
  "virginica",
  "virginica",
  "virginica",
  "virginica",
  "virginica",
  "virginica",
  "virginica",
  "virginica",
  "virginica",
  "virginica",
  "virginica",
  "virginica",
  "virginica",
  "virginica",
  "virginica",
  "virginica",
  "virginica",
  "virginica",
  "virginica",
  "virginica",
  "virginica",
  "virginica",
  "virginica",
  "virginica",
  "virginica",
  "virginica",
  "virginica",
  "virginica",
  "virginica",
  "virginica",
  "virginica",
  "virginica",
]
`;

exports[`ttt test getClass 1`] = `
Array [
  "setosa",
  "setosa",
  "setosa",
  "setosa",
  "setosa",
  "setosa",
  "setosa",
  "setosa",
  "setosa",
  "setosa",
  "setosa",
  "setosa",
  "setosa",
  "setosa",
  "setosa",
  "setosa",
  "setosa",
  "setosa",
  "setosa",
  "setosa",
  "setosa",
  "setosa",
  "setosa",
  "setosa",
  "setosa",
  "setosa",
  "setosa",
  "setosa",
  "setosa",
  "setosa",
  "setosa",
  "setosa",
  "setosa",
  "setosa",
  "setosa",
  "setosa",
  "setosa",
  "setosa",
  "setosa",
  "setosa",
  "setosa",
  "setosa",
  "setosa",
  "setosa",
  "setosa",
  "setosa",
  "setosa",
  "setosa",
  "setosa",
  "setosa",
  "versicolor",
  "versicolor",
  "versicolor",
  "versicolor",
  "versicolor",
  "versicolor",
  "versicolor",
  "versicolor",
  "versicolor",
  "versicolor",
  "versicolor",
  "versicolor",
  "versicolor",
  "versicolor",
  "versicolor",
  "versicolor",
  "versicolor",
  "versicolor",
  "versicolor",
  "versicolor",
  "versicolor",
  "versicolor",
  "versicolor",
  "versicolor",
  "versicolor",
  "versicolor",
  "versicolor",
  "versicolor",
  "versicolor",
  "versicolor",
  "versicolor",
  "versicolor",
  "versicolor",
  "versicolor",
  "versicolor",
  "versicolor",
  "versicolor",
  "versicolor",
  "versicolor",
  "versicolor",
  "versicolor",
  "versicolor",
  "versicolor",
  "versicolor",
  "versicolor",
  "versicolor",
  "versicolor",
  "versicolor",
  "versicolor",
  "versicolor",
  "virginica",
  "virginica",
  "virginica",
  "virginica",
  "virginica",
  "virginica",
  "virginica",
  "virginica",
  "virginica",
  "virginica",
  "virginica",
  "virginica",
  "virginica",
  "virginica",
  "virginica",
  "virginica",
  "virginica",
  "virginica",
  "virginica",
  "virginica",
  "virginica",
  "virginica",
  "virginica",
  "virginica",
  "virginica",
  "virginica",
  "virginica",
  "virginica",
  "virginica",
  "virginica",
  "virginica",
  "virginica",
  "virginica",
  "virginica",
  "virginica",
  "virginica",
  "virginica",
  "virginica",
  "virginica",
  "virginica",
  "virginica",
  "virginica",
  "virginica",
  "virginica",
  "virginica",
  "virginica",
  "virginica",
  "virginica",
  "virginica",
  "virginica",
]
`;
