// Jest Snapshot v1, https://goo.gl/fbAQLP

exports[`createDataClasses tests test summary 1`] = `
Array [
  "setosa",
  "setosa",
  "setosa",
  "setosa",
  "setosa",
  "setosa",
  "setosa",
  "setosa",
  "setosa",
  "setosa",
  "setosa",
  "setosa",
  "setosa",
  "setosa",
  "setosa",
  "setosa",
  "setosa",
  "setosa",
  "setosa",
  "setosa",
  "setosa",
  "setosa",
  "setosa",
  "setosa",
  "setosa",
  "setosa",
  "setosa",
  "setosa",
  "setosa",
  "setosa",
  "setosa",
  "setosa",
  "setosa",
  "setosa",
  "setosa",
  "setosa",
  "setosa",
  "setosa",
  "setosa",
  "setosa",
  "setosa",
  "setosa",
  "setosa",
  "setosa",
  "setosa",
  "setosa",
  "setosa",
  "setosa",
  "setosa",
  "setosa",
  "versicolor",
  "versicolor",
  "versicolor",
  "versicolor",
  "versicolor",
  "versicolor",
  "versicolor",
  "versicolor",
  "versicolor",
  "versicolor",
  "versicolor",
  "versicolor",
  "versicolor",
  "versicolor",
  "versicolor",
  "versicolor",
  "versicolor",
  "versicolor",
  "versicolor",
  "versicolor",
  "versicolor",
  "versicolor",
  "versicolor",
  "versicolor",
  "versicolor",
  "versicolor",
  "versicolor",
  "versicolor",
  "versicolor",
  "versicolor",
  "versicolor",
  "versicolor",
  "versicolor",
  "versicolor",
  "versicolor",
  "versicolor",
  "versicolor",
  "versicolor",
  "versicolor",
  "versicolor",
  "versicolor",
  "versicolor",
  "versicolor",
  "versicolor",
  "versicolor",
  "versicolor",
  "versicolor",
  "versicolor",
  "versicolor",
  "versicolor",
  "virginica",
  "virginica",
  "virginica",
  "virginica",
  "virginica",
  "virginica",
  "virginica",
  "virginica",
  "virginica",
  "virginica",
  "virginica",
  "virginica",
  "virginica",
  "virginica",
  "virginica",
  "virginica",
  "virginica",
  "virginica",
  "virginica",
  "virginica",
  "virginica",
  "virginica",
  "virginica",
  "virginica",
  "virginica",
  "virginica",
  "virginica",
  "virginica",
  "virginica",
  "virginica",
  "virginica",
  "virginica",
  "virginica",
  "virginica",
  "virginica",
  "virginica",
  "virginica",
  "virginica",
  "virginica",
  "virginica",
  "virginica",
  "virginica",
  "virginica",
  "virginica",
  "virginica",
  "virginica",
  "virginica",
  "virginica",
  "virginica",
  "virginica",
]
`;
